// Jest Snapshot v1, https://goo.gl/fbAQLP

exports[`should render createExpensePage correctly 1`] = `
<div>
  <h1>
    Create New Expense
  </h1>
  <ExpenseForm
    onSubmit={[Function]}
  />
</div>
`;
