// Jest Snapshot v1, https://goo.gl/fbAQLP

exports[`should render ExpenseFilters correctly 1`] = `
<div>
  <input
    onChange={[Function]}
    type="text"
    value=""
  />
  <select
    onChange={[Function]}
    value="DATE"
  >
    <option
      value="DATE"
    >
      Date
    </option>
    <option
      value="AMOUNT"
    >
      Amount
    </option>
    <option
      value="ALPHABETICAL"
    >
      Alphabetical
    </option>
  </select>
  <withStyles(DateRangePicker)
    anchorDirection="left"
    appendToBody={false}
    block={false}
    calendarInfoPosition="bottom"
    customArrowIcon={null}
    customCloseIcon={null}
    customInputIcon={null}
    dayPickerNavigationInlineStyles={null}
    daySize={39}
    disableScroll={false}
    disabled={false}
    displayFormat={[Function]}
    enableOutsideDays={false}
    endDate={null}
    endDateId="your_unique_end_date_id"
    endDatePlaceholderText="End Date"
    firstDayOfWeek={null}
    focusedInput={null}
    hideKeyboardShortcutsPanel={true}
    horizontalMargin={0}
    initialVisibleMonth={null}
    inputIconPosition="before"
    isDayBlocked={[Function]}
    isDayHighlighted={[Function]}
    isOutsideRange={[Function]}
    isRTL={false}
    keepFocusOnInput={false}
    keepOpenOnDateSelect={false}
    minimumNights={1}
    monthFormat="MMMM YYYY"
    navNext={null}
    navPosition="navPositionTop"
    navPrev={null}
    noBorder={false}
    numberOfMonths={1}
    onClose={[Function]}
    onDatesChange={[Function]}
    onFocusChange={[Function]}
    onNextMonthClick={[Function]}
    onPrevMonthClick={[Function]}
    openDirection="down"
    orientation="horizontal"
    phrases={
      Object {
        "calendarLabel": "Calendar",
        "chooseAvailableEndDate": [Function],
        "chooseAvailableStartDate": [Function],
        "clearDates": "Clear Dates",
        "closeDatePicker": "Close",
        "dateIsSelected": [Function],
        "dateIsSelectedAsEndDate": [Function],
        "dateIsSelectedAsStartDate": [Function],
        "dateIsUnavailable": [Function],
        "enterKey": "Enter key",
        "escape": "Escape key",
        "focusStartDate": "Interact with the calendar and add the check-in date for your trip.",
        "hideKeyboardShortcutsPanel": "Close the shortcuts panel.",
        "homeEnd": "Home and end keys",
        "jumpToNextMonth": "Move forward to switch to the next month.",
        "jumpToPrevMonth": "Move backward to switch to the previous month.",
        "keyboardBackwardNavigationInstructions": "Navigate backward to interact with the calendar and select a date. Press the question mark key to get the keyboard shortcuts for changing dates.",
        "keyboardForwardNavigationInstructions": "Navigate forward to interact with the calendar and select a date. Press the question mark key to get the keyboard shortcuts for changing dates.",
        "keyboardShortcuts": "Keyboard Shortcuts",
        "leftArrowRightArrow": "Right and left arrow keys",
        "moveFocusByOneDay": "Move backward (left) and forward (right) by one day.",
        "moveFocusByOneMonth": "Switch months.",
        "moveFocusByOneWeek": "Move backward (up) and forward (down) by one week.",
        "moveFocustoStartAndEndOfWeek": "Go to the first or last day of a week.",
        "openThisPanel": "Open this panel.",
        "pageUpPageDown": "page up and page down keys",
        "questionMark": "Question mark",
        "returnFocusToInput": "Return to the date input field.",
        "roleDescription": "datepicker",
        "selectFocusedDate": "Select the date in focus.",
        "showKeyboardShortcutsPanel": "Open the keyboard shortcuts panel.",
        "upArrowDownArrow": "up and down arrow keys",
      }
    }
    readOnly={false}
    regular={false}
    renderCalendarInfo={null}
    renderDayContents={null}
    renderMonthElement={null}
    renderMonthText={null}
    renderNavNextButton={null}
    renderNavPrevButton={null}
    renderWeekHeaderElement={null}
    reopenPickerOnClearDates={false}
    required={false}
    screenReaderInputMessage=""
    showClearDates={true}
    showDefaultInputIcon={false}
    small={false}
    startDate={null}
    startDateId="your_unique_start_date_id"
    startDatePlaceholderText="Start Date"
    verticalHeight={null}
    verticalSpacing={22}
    weekDayFormat="dd"
    withFullScreenPortal={false}
    withPortal={false}
  />
  <input
    onChange={[Function]}
    placeholder="Start Amount"
    type="text"
    value=""
  />
  <input
    onChange={[Function]}
    placeholder="End Amount"
    type="text"
    value=""
  />
</div>
`;

exports[`should render ExpenseFilters correctly with alt data 1`] = `
<div>
  <input
    onChange={[Function]}
    type="text"
    value="bill"
  />
  <select
    onChange={[Function]}
    value="AMOUNT"
  >
    <option
      value="DATE"
    >
      Date
    </option>
    <option
      value="AMOUNT"
    >
      Amount
    </option>
    <option
      value="ALPHABETICAL"
    >
      Alphabetical
    </option>
  </select>
  <withStyles(DateRangePicker)
    anchorDirection="left"
    appendToBody={false}
    block={false}
    calendarInfoPosition="bottom"
    customArrowIcon={null}
    customCloseIcon={null}
    customInputIcon={null}
    dayPickerNavigationInlineStyles={null}
    daySize={39}
    disableScroll={false}
    disabled={false}
    displayFormat={[Function]}
    enableOutsideDays={false}
    endDate={"1970-01-31T20:59:59.999Z"}
    endDateId="your_unique_end_date_id"
    endDatePlaceholderText="End Date"
    firstDayOfWeek={null}
    focusedInput={null}
    hideKeyboardShortcutsPanel={true}
    horizontalMargin={0}
    initialVisibleMonth={null}
    inputIconPosition="before"
    isDayBlocked={[Function]}
    isDayHighlighted={[Function]}
    isOutsideRange={[Function]}
    isRTL={false}
    keepFocusOnInput={false}
    keepOpenOnDateSelect={false}
    minimumNights={1}
    monthFormat="MMMM YYYY"
    navNext={null}
    navPosition="navPositionTop"
    navPrev={null}
    noBorder={false}
    numberOfMonths={1}
    onClose={[Function]}
    onDatesChange={[Function]}
    onFocusChange={[Function]}
    onNextMonthClick={[Function]}
    onPrevMonthClick={[Function]}
    openDirection="down"
    orientation="horizontal"
    phrases={
      Object {
        "calendarLabel": "Calendar",
        "chooseAvailableEndDate": [Function],
        "chooseAvailableStartDate": [Function],
        "clearDates": "Clear Dates",
        "closeDatePicker": "Close",
        "dateIsSelected": [Function],
        "dateIsSelectedAsEndDate": [Function],
        "dateIsSelectedAsStartDate": [Function],
        "dateIsUnavailable": [Function],
        "enterKey": "Enter key",
        "escape": "Escape key",
        "focusStartDate": "Interact with the calendar and add the check-in date for your trip.",
        "hideKeyboardShortcutsPanel": "Close the shortcuts panel.",
        "homeEnd": "Home and end keys",
        "jumpToNextMonth": "Move forward to switch to the next month.",
        "jumpToPrevMonth": "Move backward to switch to the previous month.",
        "keyboardBackwardNavigationInstructions": "Navigate backward to interact with the calendar and select a date. Press the question mark key to get the keyboard shortcuts for changing dates.",
        "keyboardForwardNavigationInstructions": "Navigate forward to interact with the calendar and select a date. Press the question mark key to get the keyboard shortcuts for changing dates.",
        "keyboardShortcuts": "Keyboard Shortcuts",
        "leftArrowRightArrow": "Right and left arrow keys",
        "moveFocusByOneDay": "Move backward (left) and forward (right) by one day.",
        "moveFocusByOneMonth": "Switch months.",
        "moveFocusByOneWeek": "Move backward (up) and forward (down) by one week.",
        "moveFocustoStartAndEndOfWeek": "Go to the first or last day of a week.",
        "openThisPanel": "Open this panel.",
        "pageUpPageDown": "page up and page down keys",
        "questionMark": "Question mark",
        "returnFocusToInput": "Return to the date input field.",
        "roleDescription": "datepicker",
        "selectFocusedDate": "Select the date in focus.",
        "showKeyboardShortcutsPanel": "Open the keyboard shortcuts panel.",
        "upArrowDownArrow": "up and down arrow keys",
      }
    }
    readOnly={false}
    regular={false}
    renderCalendarInfo={null}
    renderDayContents={null}
    renderMonthElement={null}
    renderMonthText={null}
    renderNavNextButton={null}
    renderNavPrevButton={null}
    renderWeekHeaderElement={null}
    reopenPickerOnClearDates={false}
    required={false}
    screenReaderInputMessage=""
    showClearDates={true}
    showDefaultInputIcon={false}
    small={false}
    startDate={"1969-12-31T21:00:00.000Z"}
    startDateId="your_unique_start_date_id"
    startDatePlaceholderText="Start Date"
    verticalHeight={null}
    verticalSpacing={22}
    weekDayFormat="dd"
    withFullScreenPortal={false}
    withPortal={false}
  />
  <input
    onChange={[Function]}
    placeholder="Start Amount"
    type="text"
    value={150}
  />
  <input
    onChange={[Function]}
    placeholder="End Amount"
    type="text"
    value={1000}
  />
</div>
`;
