// Jest Snapshot v1, https://goo.gl/fbAQLP

exports[`should render Header correctly 1`] = `
<Fragment>
  <h1>
    Expensify
  </h1>
  <NavLink
    activeClassName="activeLink"
    exact={true}
    to="/"
  >
    Home
  </NavLink>
  <NavLink
    activeClassName="activeLink"
    to="/create"
  >
    Create Expense
  </NavLink>
</Fragment>
`;
